BUILD SUCCESSFUL in 17s
BUILD SUCCESSFUL in 16s
